// Jest Snapshot v1, https://goo.gl/fbAQLP

exports[`matches snapshot 1`] = `
<DocumentFragment>
  <div
    class="Neighborhood text-center m-3"
  >
    <h1>
      LA
    </h1>
    <div
      class="row d-flex justify-content-center"
    >
      <div
        class="col-md-6 col-lg-5 col-xl-4"
      >
        <div
          class="Scores row p-1 d-flex justify-content-center"
        >
          <div
            class="col-4 col-md-5"
          >
            <div
              class="Score bg-info m-3 rounded-circle p-2"
              style="width: 125px; height: 125px;"
            >
              <h2>
                10
              </h2>
              <p>
                score
              </p>
            </div>
          </div>
          <div
            class="col-4 col-md-5"
          >
            <div
              class="Score bg-info m-3 rounded-circle p-2"
              style="width: 125px; height: 125px;"
            >
              <h2>
                10
              </h2>
              <p>
                score
              </p>
            </div>
          </div>
          <div
            class="col-4 col-md-5"
          >
            <div
              class="Score bg-info m-3 rounded-circle p-2"
              style="width: 125px; height: 125px;"
            >
              <h2>
                10
              </h2>
              <p>
                score
              </p>
            </div>
          </div>
        </div>
      </div>
      <div
        class="col-md-6 col-lg-5 col-xl-4"
      >
        <img
          alt="LA image"
          class="img-fluid img-thumbnail"
          src="imageUrl"
        />
      </div>
    </div>
  </div>
</DocumentFragment>
`;
