// Jest Snapshot v1, https://goo.gl/fbAQLP

exports[`matches snapshot 1`] = `
<DocumentFragment>
  <div
    class="Scores row p-1 d-flex justify-content-center"
  >
    <div
      class="col-4 col-md-3 col-lg-5"
    >
      <div
        class="Score m-3 rounded-circle p-2"
        style="width: 125px; height: 125px; background: rgb(93, 217, 93);"
      >
        <h2>
          10
        </h2>
        <p>
          score
        </p>
      </div>
    </div>
    <div
      class="col-4 col-md-3 col-lg-5"
    >
      <div
        class="Score m-3 rounded-circle p-2"
        style="width: 125px; height: 125px; background: rgb(93, 217, 93);"
      >
        <h2>
          10
        </h2>
        <p>
          score
        </p>
      </div>
    </div>
    <div
      class="col-4 col-md-3 col-lg-5"
    >
      <div
        class="Score m-3 rounded-circle p-2"
        style="width: 125px; height: 125px; background: rgb(93, 217, 93);"
      >
        <h2>
          10
        </h2>
        <p>
          score
        </p>
      </div>
    </div>
  </div>
</DocumentFragment>
`;
