// Jest Snapshot v1, https://goo.gl/fbAQLP

exports[`matches snapshot 1`] = `
<DocumentFragment>
  <div
    class="HotelCard m-2"
  >
    <div
      class="card"
      style="max-width: 435px;"
    >
      <img
        alt="Tester Hotel"
        src=""
        style="max-height: 300px;"
      />
      <h3
        class="card-header"
      >
        Tester Hotel
      </h3>
      <div
        class="card-body"
      >
        <div
          class="FavoriteHeart d-flex justify-content-end"
          style="margin: -5px;"
        >
          <i
            class="fa fa-heart"
            data-testid="favHeart"
            style="color: rgb(2, 117, 216); cursor: pointer;"
          />
        </div>
        <h4
          class="card-title"
        >
          Rating: 
          <i
            class="fa fa-star"
            style="color: gold;"
          />
          <i
            class="fa fa-star"
            style="color: gold;"
          />
          <i
            class="fa fa-star"
            style="color: gold;"
          />
          <i
            class="fa fa-star"
            style="color: gold;"
          />
          <i
            class="fa fa-star"
            style="color: gold;"
          />
        </h4>
        <p
          class="card-text"
        >
          <span
            class="fw-bold"
          >
            Neighborhood: 
          </span>
          Los Angeles
        </p>
        <p
          class="card-text"
        >
          <span
            class="fw-bold"
          >
            Address: 
          </span>
          1234 Tester Way, Los Angeles, CA 12345
        </p>
      </div>
    </div>
  </div>
</DocumentFragment>
`;
