// Jest Snapshot v1, https://goo.gl/fbAQLP

exports[`matches snapshot 1`] = `
<DocumentFragment>
  <div
    class="App"
  >
    <nav
      class="NavBar navbar navbar-expand-lg navbar-light bg-light"
    >
      <div
        class="container-fluid"
      >
        <a
          aria-current="page"
          class="navbar-brand text-primary fs-4 fw-bold"
          href="/"
        >
          Neighborhood
        </a>
        <button
          aria-controls="navbarTogglerDemo02"
          aria-expanded="false"
          aria-label="Toggle navigation"
          class="navbar-toggler"
          data-bs-target="#navbarTogglerDemo02"
          data-bs-toggle="collapse"
        >
          <span
            class="navbar-toggler-icon"
          />
        </button>
        <div
          class="collapse navbar-collapse"
          id="navbarTogglerDemo02"
        >
          <ul
            class="navbar-nav me-auto mb-2 mb-lg-0"
          >
            <li
              class="nav-item"
            >
              <a
                class="nav-link"
                href="/signup"
              >
                Signup
              </a>
            </li>
            <li
              class="nav-item"
            >
              <a
                class="nav-link"
                href="/login"
              >
                Login
              </a>
            </li>
          </ul>
        </div>
      </div>
    </nav>
    <div>
      <div
        class="container"
      >
        <div
          class="fw-bold"
        />
        <div>
          Temporary Neighborhood Homepage
        </div>
      </div>
    </div>
  </div>
</DocumentFragment>
`;
